// Jest Snapshot v1, https://goo.gl/fbAQLP

exports[`Gif Expert App component test should show the componente correctly 1`] = `
<Fragment>
  <h1>
    Gif expert app
  </h1>
  <AddCategory
    setCategories={[Function]}
  />
  <hr />
  <ol />
</Fragment>
`;
