// Jest Snapshot v1, https://goo.gl/fbAQLP

exports[`Add Category Component test should return the correct form 1`] = `
<form
  onSubmit={[Function]}
>
  <input
    onChange={[Function]}
    type="text"
    value=""
  />
</form>
`;
