// Jest Snapshot v1, https://goo.gl/fbAQLP

exports[`GifGrid component test should show the component correctly 1`] = `
<Fragment>
  <h2>
    Messi
  </h2>
  <p
    className="animate__animated animate__flash"
  >
     Cargando... 
  </p>
  <div
    className="card-grid"
  />
</Fragment>
`;
